[www.masmn.org/index.html]
[backblue.gif]
[fade.gif]
[index.html]
[maxcdn.bootstrapcdn.com/bootstrap/3.3.7/css/bootstrap.min.css]
[maxcdn.bootstrapcdn.com/font-awesome/4.7.0/css/font-awesome.min.css]
[www.masmn.org/wp-content/themes/masmn1/stylea288.css]
[www.masmn.org/wp-content/plugins/godaddy-email-marketing-sign-up-forms/css/gem.min7359.css]
[www.masmn.org/wp-includes/js/jquery/jqueryb8ff.js]
[www.masmn.org/wp-includes/js/jquery/jquery-migrate.min330a.js]
[www.masmn.org/xmlrpc0db0.php]
[www.masmn.org/wp-includes/wlwmanifest.xml]
[www.masmn.org/wp-json/index.html]
[www.masmn.org/wp-json/oembed/1.0/embeda947.json]
[www.masmn.org/wp-json/oembed/1.0/embed0067]
[www.masmn.org/wp-content/uploads/2016/12/cropped-masss-32x32.png]
[www.masmn.org/wp-content/uploads/2016/12/cropped-masss-192x192.png]
[www.masmn.org/wp-content/uploads/2016/12/cropped-masss-180x180.png]
[www.masmn.org/wp-content/uploads/cropped-logo.png]
[www.masmn.org/wp-content/uploads/Eid-Mubarak-Vectors-1.png]
[www.masmn.org/wp-content/uploads/img2.jpg]
[www.masmn.org/wp-content/uploads/img3.jpg]
[www.masmn.org/khateeb-bureau/index.html]
[www.masmn.org/speaker-bureau/index.html]
[www.masmn.org/about/index.html]
[www.masmn.org/mas-youth/index.html]
[www.masmn.org/wp-content/uploads/file-page1-e1501197330280.jpg]
[www.masmn.org/pace/index.html]
[www.masmn.org/tarbiya/index.html]
[www.masmn.org/mas-give/index.html]
[www.masmn.org/wp-content/uploads/Eid-Ul-Fitr.jpg]
[www.masmn.org/wp-content/uploads/Ramadan.jpg]
[www.masmn.org/wp-content/uploads/Ramadan_Reflections_2016.jpg]
[www.masmn.org/sunday-school/index.html]
[www.masmn.org/lectures-public-events/index.html]
[static.ctctcdn.com/h/contacts-embedded-signup-assets/1.0.2/css/signup-form.css]
[static.ctctcdn.com/h/contacts-embedded-signup-assets/1.0.2/js/signup-form.js]
[ajax.googleapis.com/ajax/libs/jquery/1.12.4/jquery.min.js]
[www.masmn.org/smic/index.html]
[www.masmn.org/masjid-taqwa/index.html]
[www.masmn.org/bcc/index.html]
[www.masmn.org/muslim-registry/index.html]
[www.masmn.org/index.html]
[www.masmn.org/contact-us/index.html]
[maxcdn.bootstrapcdn.com/bootstrap/3.3.7/css/bootstrap.min.css]
[www.masmn.org/events/index.html]
[maxcdn.bootstrapcdn.com/bootstrap/3.3.7/js/bootstrap.min.js]
[www.masmn.org/category/news/index.html]
[maxcdn.bootstrapcdn.com/font-awesome/4.7.0/css/font-awesome.min.css]
[www.masmn.org/fundraiser-request/index.html]
[www.masmn.org/wp-content/themes/masmn1/stylea288.css]
[www.masmn.org/membership-form/index.html]
[www.masmn.org/happy-eid-from-mas-mn/index.html]
[www.masmn.org/wp-content/plugins/godaddy-email-marketing-sign-up-forms/images/spinner.gif]
[www.masmn.org/volunteer/index.html]
[www.masmn.org/eid_on_sunday_june_25_2017/index.html]
[www.masmn.org/wp-content/plugins/godaddy-email-marketing-sign-up-forms/images/spinner-2x.gif]
[www.masmn.org/wp-content/plugins/godaddy-email-marketing-sign-up-forms/css/gem.min7359.css]
[www.masmn.org/mas-mn-family-camp-2017/index.html]
[www.masmn.org/ramadan2017/index.html]
[www.masmn.org/ramadanreflections/index.html]
[www.masmn.org/wp-json/oembed/1.0/embedafae.json]
[www.masmn.org/index5b31.html]
[www.masmn.org/about/index.html]
[www.masmn.org/wp-json/oembed/1.0/embedf15b]
[www.masmn.org/index8c55.html]
[www.masmn.org/wp-json/oembed/1.0/embed9200.json]
[www.masmn.org/khateeb-bureau/index.html]
[www.masmn.org/wp-json/oembed/1.0/embeda894]
[www.masmn.org/wp-json/oembed/1.0/embed1096.json]
[www.masmn.org/index2e31.html]
[www.masmn.org/wp-json/oembed/1.0/embed3327]
[www.masmn.org/speaker-bureau/index.html]
[www.masmn.org/wp-json/oembed/1.0/embed36f7.json]
[www.masmn.org/indexef92.html]
[www.masmn.org/wp-json/oembed/1.0/embed28a1]
[www.masmn.org/wp-content/uploads/Foodshelf3-e1486834540821-225x300.jpg]
[www.masmn.org/mas-give/index.html]
[www.masmn.org/wp-json/oembed/1.0/embed8916.json]
[www.masmn.org/index2915.html]
[www.masmn.org/wp-json/oembed/1.0/embed84b1]
[www.masmn.org/mas-youth/index.html]
[www.masmn.org/wp-json/oembed/1.0/embed64cd.json]
[www.masmn.org/index4720.html]
[www.masmn.org/wp-json/oembed/1.0/embedb501]
[www.masmn.org/tarbiya/index.html]
[www.masmn.org/index0364.html]
[www.masmn.org/wp-json/oembed/1.0/embede2d0.json]
[www.masmn.org/wp-json/oembed/1.0/embedaaa1]
[www.masmn.org/pace/index.html]
[www.masmn.org/wp-json/oembed/1.0/embedc72b.json]
[www.masmn.org/index7080.html]
[www.masmn.org/wp-json/oembed/1.0/embeda3f2]
[www.masmn.org/sunday-school/index.html]
[www.masmn.org/wp-json/oembed/1.0/embed7253.json]
[www.masmn.org/sunday-school-blaine-community-center/index.html]
[www.masmn.org/index9f0a.html]
[www.masmn.org/wp-json/oembed/1.0/embed4afd]
[www.masmn.org/lectures-public-events/index.html]
[www.masmn.org/indexc518.html]
[www.masmn.org/wp-json/oembed/1.0/embed52ba.json]
[www.masmn.org/wp-json/oembed/1.0/embedfb0a]
[www.masmn.org/wp-content/uploads/masjidtaqwacomo.jpg]
[www.masmn.org/masjid-taqwa/index.html]
[www.masmn.org/masjid-taqwa-purchase-project/index.html]
[www.masmn.org/wp-json/oembed/1.0/embedc6a9.json]
[www.masmn.org/index1639.html]
[www.masmn.org/wp-json/oembed/1.0/embedc1d4]
[www.masmn.org/wp-content/uploads/img07481.jpg]
[www.masmn.org/bcc/index.html]
[www.masmn.org/index221f.html]
[www.masmn.org/wp-json/oembed/1.0/embedc933.json]
[www.masmn.org/wp-json/oembed/1.0/embed71d1]
[www.masmn.org/smic/index.html]
[www.masmn.org/wp-json/oembed/1.0/embedc278.json]
[www.masmn.org/wp-json/oembed/1.0/embed6d4a]
[www.masmn.org/index46ad.html]
[www.masmn.org/wp-content/uploads/HijabHug-200x300.jpg]
[www.masmn.org/wp-content/uploads/MotherChild-300x200.jpg]
[www.masmn.org/muslim-registry/index.html]
[www.masmn.org/muslim-registry-media-coverage/index.html]
[www.masmn.org/indexf6a9.html]
[www.masmn.org/wp-json/oembed/1.0/embed65b2.json]
[www.masmn.org/wp-json/oembed/1.0/embedf563]
[www.masmn.org/events/index.html]
[www.masmn.org/wp-content/uploads/Taking_Heart_Logo.jpg]
[www.masmn.org/wp-content/uploads/mdac2017banner.jpg]
[www.masmn.org/category/news/feed/index.html]
[www.masmn.org/wp-content/uploads/mascoceptmasweb132orig.png]
[www.masmn.org/takingheart/index.html]
[www.masmn.org/wp-content/uploads/quranflyer.gif]
[www.masmn.org/wp-content/uploads/masconventionflyer2.jpg]
[www.masmn.org/category/news/index.html]
[www.masmn.org/mdac2017/index.html]
[www.masmn.org/mas-chicago-convention-2016-travel-package/index.html]
[www.masmn.org/quran-and-adhan-competition-announced1st-annual-mas-mn-quran-and-adhan-competition-11th-mas-minnesota-convention-october-8-2016-muharram-7-1438/index.html]
[www.masmn.org/convention-schedule-announced/index.html]
[www.masmn.org/wp-json/oembed/1.0/embed5937.json]
[www.masmn.org/index50ca.html]
[www.masmn.org/wp-json/oembed/1.0/embedf868]
[www.masmn.org/contact-us/index.html]
[www.masmn.org/index38bf.html]
[www.masmn.org/wp-json/oembed/1.0/embedd1ca.json]
[www.masmn.org/wp-json/oembed/1.0/embed150a]
[www.masmn.org/fundraiser-request/index.html]
[www.masmn.org/wp-json/oembed/1.0/embed655e.json]
[www.masmn.org/indexca25.html]
[www.masmn.org/wp-json/oembed/1.0/embed70b0]
[www.masmn.org/membership-form/index.html]
[www.masmn.org/wp-json/oembed/1.0/embed0938.json]
[www.masmn.org/indexec81.html]
[www.masmn.org/wp-json/oembed/1.0/embedf0b5]
[www.masmn.org/volunteer/index.html]
[www.masmn.org/wp-json/oembed/1.0/embed4784.json]
[www.masmn.org/happy-eid-from-mas-mn/feed/index.html]
[www.masmn.org/wp-json/oembed/1.0/embedc6e0]
[www.masmn.org/happy-eid-from-mas-mn/index.html]
[www.masmn.org/indexaaca.html]
[www.masmn.org/mas-mn-family-camp-2017/feed/index.html]
[www.masmn.org/wp-json/oembed/1.0/embed22ed.json]
[www.masmn.org/index6fe2.html]
[www.masmn.org/wp-json/oembed/1.0/embed6bef]
[www.masmn.org/mas-mn-family-camp-2017/index.html]
[www.masmn.org/wp-json/oembed/1.0/embed77dc.json]
[www.masmn.org/eid_on_sunday_june_25_2017/feed/index.html]
[www.masmn.org/wp-json/oembed/1.0/embed578f]
[www.masmn.org/indexea0f.html]
[www.masmn.org/wp-content/uploads/Eid-Ul-Fitr-300x215.jpg]
[www.masmn.org/eid_on_sunday_june_25_2017/index.html]
[www.masmn.org/wp-json/oembed/1.0/embedccdf.json]
[www.masmn.org/ramadan2017/feed/index.html]
[www.masmn.org/indexd52c.html]
[www.masmn.org/ramadan2017/index.html]
[www.masmn.org/wp-json/oembed/1.0/embed1ac3]
[www.masmn.org/wp-json/oembed/1.0/embed2d1f.json]
[www.masmn.org/ramadanreflections/feed/index.html]
[www.masmn.org/indexb1f0.html]
[www.masmn.org/ramadanreflections/index.html]
[static.ctctcdn.com/h/contacts-embedded-signup-assets/1.0.2/css/signup-form.css]
[www.masmn.org/wp-json/oembed/1.0/embeda4f0]
[ajax.googleapis.com/ajax/libs/jquery/1.11.3/jquery.min.js]
[static.ctctcdn.com/h/contacts-embedded-signup-assets/1.0.2/js/signup-form.js]
[www.masmn.org/index5b31.html]
[www.masmn.org/index8c55.html]
[www.masmn.org/index2e31.html]
[www.masmn.org/indexef92.html]
[www.masmn.org/index2915.html]
[www.masmn.org/index4720.html]
[www.masmn.org/index0364.html]
[www.masmn.org/index7080.html]
[www.masmn.org/wp-json/oembed/1.0/embed1de8.json]
[www.masmn.org/index0a18.html]
[www.masmn.org/sunday-school-blaine-community-center/index.html]
[www.masmn.org/index9f0a.html]
[www.masmn.org/indexc518.html]
[www.masmn.org/wp-json/oembed/1.0/embed71dc]
[www.masmn.org/wp-json/oembed/1.0/embed3068.json]
[www.masmn.org/index2d25.html]
[www.masmn.org/wp-json/oembed/1.0/embed6e02]
[www.masmn.org/wp-content/uploads/comocrossingsalebrochure.pdf]
[www.masmn.org/wp-content/uploads/20061005masmn501c3reviseddeterminationletter.pdf]
[www.masmn.org/masjid-taqwa-purchase-project/index.html]
[www.masmn.org/index1639.html]
[www.masmn.org/index221f.html]
[www.masmn.org/index46ad.html]
[www.masmn.org/wp-json/oembed/1.0/embed376d.json]
[www.masmn.org/indexa42a.html]
[www.masmn.org/wp-json/oembed/1.0/embed31f5]
[www.masmn.org/muslim-registry-media-coverage/index.html]
[www.masmn.org/indexf6a9.html]
[www.masmn.org/wp-json/oembed/1.0/embed315f.json]
[www.masmn.org/takingheart/feed/index.html]
[www.masmn.org/indexa818.html]
[www.masmn.org/wp-json/oembed/1.0/embedd52b]
[www.masmn.org/wp-content/uploads/Taking_Heart_Logo-300x90.jpg]
[www.masmn.org/takingheart/index.html]
[www.masmn.org/mdac2017/feed/index.html]
[www.masmn.org/wp-json/oembed/1.0/embed40b6.json]
[www.masmn.org/indexb87d.html]
[www.masmn.org/mdac2017/index.html]
[www.masmn.org/wp-json/oembed/1.0/embedb154]
[www.masmn.org/wp-json/oembed/1.0/embed6a31.json]
[www.masmn.org/mas-chicago-convention-2016-travel-package/feed/index.html]
[www.masmn.org/mas-chicago-convention-2016-travel-package/index.html]
[www.masmn.org/wp-json/oembed/1.0/embed89eb]
[www.masmn.org/indexd073.html]
[www.masmn.org/wp-json/oembed/1.0/embed2c81.json]
[www.masmn.org/quran-and-adhan-competition-announced1st-annual-mas-mn-quran-and-adhan-competition-11th-mas-minnesota-convention-october-8-2016-muharram-7-1438/feed/index.html]
[www.masmn.org/indexa51f.html]
[www.masmn.org/wp-json/oembed/1.0/embedd191]
[www.masmn.org/quran-and-adhan-competition-announced1st-annual-mas-mn-quran-and-adhan-competition-11th-mas-minnesota-convention-october-8-2016-muharram-7-1438/index.html]
[www.masmn.org/wp-json/oembed/1.0/embed16a1.json]
[www.masmn.org/convention-schedule-announced/feed/index.html]
[www.masmn.org/mas-mn-convention-to-be-held-on-saturday-october-8th-2016/index.html]
[www.masmn.org/index1b7d.html]
[www.masmn.org/convention-schedule-announced/index.html]
[www.masmn.org/index50ca.html]
[www.masmn.org/index38bf.html]
[www.masmn.org/indexca25.html]
[www.masmn.org/indexec81.html]
[www.masmn.org/indexaaca.html]
[www.masmn.org/index6fe2.html]
[www.masmn.org/indexea0f.html]
[www.masmn.org/indexd52c.html]
[www.masmn.org/indexb1f0.html]
[www.masmn.org/index0a18.html]
[www.masmn.org/index2d25.html]
[www.masmn.org/indexa42a.html]
[www.masmn.org/indexa818.html]
[www.masmn.org/indexb87d.html]
[www.masmn.org/indexd073.html]
[www.masmn.org/indexa51f.html]
[www.masmn.org/wp-json/oembed/1.0/embed8ad2]
[www.masmn.org/wp-json/oembed/1.0/embed4547.json]
[www.masmn.org/mas-mn-convention-to-be-held-on-saturday-october-8th-2016/feed/index.html]
[www.masmn.org/index7dad.html]
[www.masmn.org/wp-json/oembed/1.0/embedfa75]
[www.masmn.org/wp-content/uploads/221235243686dc7b6779bz.jpg]
[www.masmn.org/mas-mn-convention-to-be-held-on-saturday-october-8th-2016/index.html]
[www.masmn.org/index1b7d.html]
[www.masmn.org/index7dad.html]
